Box 0 origin: (1.6510229, 1.225428, -1.679819), euler(deg)=(-0.4, 90.0, 178.7), basis: X=(-0.0005630637, 0.051081765, 0.9986943), Y=(0.022040483, -0.999707, 0.010012714), Z=(0.9999146, 0.0130677475, -6.543694E-05)
Box 1 origin: (1.6615319, 0.770341, -1.687974), euler(deg)=(-0.4, 89.9, 178.9), basis: X=(-0.008793679, 0.044663146, 0.99896336), Y=(0.018518604, -0.99979013, 0.008770231), Z=(0.9999413, 0.010801349, 0.0009067554)
Box 2 origin: (1.679776, 0.24251899, -1.6987469), euler(deg)=(-1.5, 90.1, 178.5), basis: X=(0.0052551306, 0.073030986, 0.99731576), Y=(0.036930785, -0.99927866, 0.008848229), Z=(0.998463, 0.055403333, -0.0014534589)
Box 3 origin: (1.693925, -0.34337798, -1.7039571), euler(deg)=(-0.7, 89.8, 179.1), basis: X=(-0.019787569, 0.04495796, 0.9987929), Y=(0.016644154, -0.99984694, 0.0053775804), Z=(0.9996278, 0.027036311, 0.0036327727)
Box 4 origin: (1.705222, -0.94559497, -1.700461), euler(deg)=(-1.0, 90.0, 179.7), basis: X=(-0.0002052394, 0.016146874, 0.99986964), Y=(0.025393391, -0.9996755, 0.0019815376), Z=(0.99927354, 0.038110048, -3.7800124E-05)
Box 5 origin: (1.646814, 1.21839, -1.1111331), euler(deg)=(-0.7, 89.9, 179.5), basis: X=(-0.016862527, 0.019031344, 0.99967664), Y=(0.036421385, -0.9993294, 0.0037804155), Z=(0.99975705, 0.021960458, 0.001896348)
Box 6 origin: (1.661488, 0.756922, -1.107788), euler(deg)=(-0.5, 90.0, 178.9), basis: X=(-0.0004932676, 0.040694688, 0.9991715), Y=(0.024236167, -0.99967176, 0.008300058), Z=(0.9999027, 0.013946737, -5.7894147E-05)
Box 7 origin: (1.678311, 0.226383, -1.243922), euler(deg)=(-1.6, 89.8, 178.7), basis: X=(-0.020759763, 0.06385635, 0.9977431), Y=(0.03874495, -0.99921715, 0.007997453), Z=(0.9982161, 0.05960587, 0.0034411151)
Box 8 origin: (1.6929439, -0.363561, -1.2495999), euler(deg)=(-0.6, 89.9, 179.4), basis: X=(-0.012985262, 0.027857978, 0.9995275), Y=(0.014661504, -0.99988633, 0.0035169192), Z=(0.9997312, 0.023055565, 0.0024626525)
Box 9 origin: (1.7052929, -0.945623, -1.251204), euler(deg)=(-0.8, 90.0, -179.7), basis: X=(0.00016162742, -0.01595025, 0.99987274), Y=(0.020267684, -0.99979264, -0.0020062043), Z=(0.9994889, 0.03196913, 3.2066342E-05)
Box 10 origin: (1.676569, 0.23126401, -0.79379), euler(deg)=(-1.4, 89.9, 179.3), basis: X=(-0.0069693723, 0.03612632, 0.999323), Y=(0.034461748, -0.99939597, 0.004480132), Z=(0.9984457, 0.055722017, 0.0011345266)
Box 11 origin: (1.688333, -0.36598998, -0.794268), euler(deg)=(-0.6, 89.8, 179.4), basis: X=(-0.019203477, 0.031873535, 0.99930745), Y=(0.01554555, -0.99987113, 0.0040138206), Z=(0.999675, 0.025217181, 0.0037460232)
Box 12 origin: (1.703654, -0.953336, -0.794621), euler(deg)=(-1.0, 89.8, 178.6), basis: X=(-0.019756993, 0.06930066, 0.99740016), Y=(0.022826008, -0.99970484, 0.008321018), Z=(0.9992471, 0.03862789, 0.003626846)
Box 13 origin: (1.6454029, 1.219304, -0.532475), euler(deg)=(-0.9, 89.7, 178.6), basis: X=(-0.0422353, 0.056598153, 0.9975033), Y=(0.0435691, -0.9989852, 0.011415091), Z=(0.9996397, 0.026426861, 0.004719264)
Box 14 origin: (1.658889, 0.76377696, -0.53308696), euler(deg)=(-0.6, 89.8, 179.1), basis: X=(-0.024695724, 0.034589373, 0.99909645), Y=(0.03050007, -0.9995103, 0.0069892807), Z=(0.99981624, 0.018949073, 0.0029118787)
Box 15 origin: (1.6745551, 0.22654, -0.34235), euler(deg)=(-1.4, 89.4, 179.6), basis: X=(-0.049927074, 0.018741345, 0.998577), Y=(0.033642523, -0.9994304, 0.002650346), Z=(0.9983176, 0.057073366, 0.010228407)
Box 16 origin: (1.689276, -0.364966, -0.339986), euler(deg)=(-0.7, 89.6, 178.5), basis: X=(-0.03128453, 0.074591026, 0.9967234), Y=(0.016334, -0.99981993, 0.009652095), Z=(0.9996003, 0.027546234, 0.0063693556)
Box 17 origin: (1.703129, -0.947413, -0.337485), euler(deg)=(-0.9, 89.9, -179.9), basis: X=(-0.0123690795, -0.0041569737, 0.9999148), Y=(0.023496468, -0.99972385, -0.00047939352), Z=(0.9992922, 0.03752852, 0.0025858667)
Box 18 origin: (1.63187, 1.197785, 0.041341998), euler(deg)=(-0.9, 89.6, 178.1), basis: X=(-0.057923622, 0.074955545, 0.9955032), Y=(0.042814117, -0.9989659, 0.015296111), Z=(0.9996158, 0.026889842, 0.006732131)
Box 19 origin: (1.65212, 0.7463, 0.049562), euler(deg)=(-0.8, 89.6, 179.6), basis: X=(-0.056459267, 0.014553042, 0.9982988), Y=(0.042649806, -0.9990842, 0.003420734), Z=(0.9996685, 0.02479623, 0.006932124)
Box 20 origin: (1.667359, 0.227735, 0.113455005), euler(deg)=(-1.3, 89.5, -179.0), basis: X=(-0.035942327, -0.04965812, 0.99811935), Y=(0.0299298, -0.99953526, -0.005786371), Z=(0.998597, 0.052347586, 0.007986939)
Box 21 origin: (1.6854659, -0.36355898, 0.121371), euler(deg)=(-0.6, 89.9, -179.4), basis: X=(-0.0058378656, -0.03202615, 0.99947), Y=(0.015082811, -0.9998782, -0.0039955685), Z=(0.99966127, 0.025990812, 0.0013675289)
Box 22 origin: (1.6948581, -0.95165, 0.121415004), euler(deg)=(-0.6, 89.9, -179.8), basis: X=(-0.005959853, -0.008086906, 0.9999495), Y=(0.012725241, -0.9999185, -0.0009893553), Z=(0.99974287, 0.02263462, 0.0013422623)
